20:16:58 **** Incremental Build of configuration Debug for project helloworld ****
make -j8 all 
Building file: ../src/main.c
Invoking: MCU GCC Compiler
C:\Users\rob\workspace\rtos_workspace\helloworld\Debug
arm-none-eabi-gcc -mcpu=cortex-m4 -mthumb -mfloat-abi=hard -mfpu=fpv4-sp-d16 -DSTM32 -DSTM32F4 -DSTM32F411RETx -DNUCLEO_F411RE -DDEBUG -DSTM32F411xE -DUSE_STDPERIPH_DRIVER -I"C:/Users/rob/workspace/rtos_workspace/helloworld/StdPeriph_Driver/inc" -I"C:/Users/rob/workspace/rtos_workspace/helloworld/config" -I"C:/Users/rob/workspace/rtos_workspace/helloworld/Third-Party/FreeRTOS/org/Source/portable/GCC/ARM_CM4F" -I"C:/Users/rob/workspace/rtos_workspace/helloworld/Third-Party/FreeRTOS/org/Source/include" -I"C:/Users/rob/workspace/rtos_workspace/helloworld/inc" -I"C:/Users/rob/workspace/rtos_workspace/helloworld/CMSIS/device" -I"C:/Users/rob/workspace/rtos_workspace/helloworld/CMSIS/core" -O0 -g3 -Wall -fmessage-length=0 -ffunction-sections -c -MMD -MP -MF"src/main.d" -MT"src/main.o" -o "src/main.o" "../src/main.c"
Finished building: ../src/main.c
 
Building target: helloworld.elf
Invoking: MCU GCC Linker
arm-none-eabi-gcc -mcpu=cortex-m4 -mthumb -mfloat-abi=hard -mfpu=fpv4-sp-d16 -specs=rdimon.specs -lc -lrdimon -T"C:/Users/rob/workspace/rtos_workspace/helloworld/LinkerScript.ld" -Wl,-Map=output.map -Wl,--gc-sections -o "helloworld.elf" @"objects.list"   -lm
Finished building target: helloworld.elf
 
make --no-print-directory post-build
Generating binary and Printing size information:
arm-none-eabi-objcopy -O binary "helloworld.elf" "helloworld.bin"
arm-none-eabi-size "helloworld.elf"
   text	   data	    bss	    dec	    hex	filename
  13880	   1120	  78572	  93572	  16d84	helloworld.elf
 

20:16:59 Build Finished (took 1s.924ms)

